Case #1: 1 1
Case #2: Impossible
Case #3: 2 2 1
Case #4: 2 4 3 1 3 4 3 2 2
Case #5: 1 1 2 3 4 1 2 3 1 3 1 3 2 3 1
Case #6: Impossible
